
> recruiterai@0.1.0 build
> next build

   Γû▓ Next.js 15.3.5
   - Environments: .env.local

   Creating an optimized production build ...
node.exe : Failed to 
compile.
At C:\Program 
Files\nodejs\npm.ps1:29 
char:3
+   & $NODE_EXE 
$NPM_CLI_JS $args
+   ~~~~~~~~~~~~~~~~~~~~~~~
~~~~~~
    + CategoryInfo         
     : NotSpecified: (Fai  
  led to compile.:String   
 ) [], RemoteException
    + FullyQualifiedErrorI 
   d : NativeCommandError
 

./components/Hero.tsx
Error:   [31mx[0m The 
"use client" directive 
must be placed before 
other expressions. Move it 
to the top of the file to 
resolve this issue.
     ,-[[36;1;4mC:\Users\N
ikhil kumar singh\Desktop\A
I-Interviewer-Analyser-main
\components\Hero.tsx[0m:82
1:1]
 [2m818[0m | };
 [2m819[0m | 
 [2m820[0m | export 
default InteractiveHero;
 [2m821[0m | "use 
client";
     : 
[35;1m^^^^^^^^^^^^^[0m
 [2m822[0m | 
 [2m823[0m | import 
React, {
 [2m824[0m |   useEffect,
     `----

Import trace for requested 
module:
./components/Hero.tsx
./app/page.js


> Build failed because of 
webpack errors
